OK   command/oc
OK   command/sed
OK   command/base64
OK   OpenShift 4.22.9
awk: warning: escape sequence `\.' treated as plain `.'
OK   operator/OpenShift Service Mesh 3.4
awk: warning: escape sequence `\.' treated as plain `.'
OK   operator/Kiali 2.27
awk: warning: escape sequence `\.' treated as plain `.'
OK   operator/Red Hat OpenTelemetry 0.152
awk: warning: escape sequence `\.' treated as plain `.'
OK   operator/Tempo 0.21
OK   crd/istios.sailoperator.io
OK   crd/istiocnis.sailoperator.io
OK   crd/telemetries.telemetry.istio.io
OK   crd/servicemonitors.monitoring.coreos.com
OK   crd/podmonitors.monitoring.coreos.com
OK   crd/opentelemetrycollectors.opentelemetry.io
OK   crd/tempostacks.tempo.grafana.com
OK   crd/kialis.kiali.io
OK   crd/objectbucketclaims.objectbucket.io
OK   storageclass/openshift-storage.noobaa.io
OK   optional crd/uiplugins.observability.openshift.io
Rendered:
  06-istio-proxies-podmonitor-bookinfo.yaml
  06-istio-proxies-podmonitor-istio-system.yaml
  10-tempostack.yaml
Warning: resource 'namespaces' is not namespace scoped

Warning: resource 'clusterroles' is not namespace scoped in group 'rbac.authorization.k8s.io'

Warning: resource 'clusterrolebindings' is not namespace scoped in group 'rbac.authorization.k8s.io'

server dry-run manifests/00-namespaces.yaml
server dry-run manifests/01-user-workload-monitoring.yaml
server dry-run manifests/02-istio-cni.yaml
server dry-run manifests/03-istio.yaml
server dry-run manifests/04-mesh-telemetry.yaml
server dry-run manifests/05-istiod-servicemonitor.yaml
server dry-run manifests/09-tempo-tenant-rbac.yaml
server dry-run manifests/11-otel-rbac.yaml
server dry-run manifests/12-otel-collector.yaml
server dry-run manifests/13-kiali-rbac.yaml
server dry-run manifests/14-kiali.yaml
server dry-run storage/odf/07-tempo-obc.yaml
server dry-run rendered/06-istio-proxies-podmonitor-bookinfo.yaml
server dry-run rendered/06-istio-proxies-podmonitor-istio-system.yaml
server dry-run rendered/10-tempostack.yaml
Validation passed.
== 2. Namespaces ==
namespace/istio-system unchanged
namespace/istio-cni unchanged
namespace/tempo unchanged
== 3. User workload monitoring ==
User workload monitoring is already enabled.
OK   User workload monitoring enabled.
== 4. IstioCNI + Istio ==
istiocni.sailoperator.io/default unchanged
istiocni.sailoperator.io/default condition met
istio.sailoperator.io/default unchanged
istio.sailoperator.io/default condition met
== 5. Mesh Telemetry ==
telemetry.telemetry.istio.io/mesh-observability unchanged
== 6. Istio monitoring ==
servicemonitor.monitoring.coreos.com/istiod-monitor unchanged
podmonitor.monitoring.coreos.com/istio-proxies-monitor unchanged
podmonitor.monitoring.coreos.com/istio-proxies-monitor unchanged
== 7. ODF object bucket ==
objectbucketclaim.objectbucket.io/tempo-odf unchanged
== 8. Tempo storage Secret ==
ODF bucket:
  name           = tempo-traces-2721ba14-ce28-4581-8c70-2928bf8ae4d6
  OBC host       = s3.openshift-storage.svc
  OBC port       = 443
  Tempo endpoint = https://s3.openshift-storage.svc
secret/tempostack-odf configured
Tempo storage Secret tempo/tempostack-odf keys:
access_key_id
access_key_secret
bucket
endpoint
== 9. Tempo tenant roles ==
clusterrole.rbac.authorization.k8s.io/tempo-mesh-traces-writer unchanged
clusterrole.rbac.authorization.k8s.io/tempo-mesh-traces-reader unchanged
== 10. TempoStack ==
tempostack.tempo.grafana.com/mesh unchanged
tempostack.tempo.grafana.com/mesh condition met
== 11. OTel ServiceAccount + Tempo writer binding ==
serviceaccount/otel-collector unchanged
clusterrolebinding.rbac.authorization.k8s.io/tempo-mesh-traces-writer-otel unchanged
== 12. OTel Collector ==
opentelemetrycollector.opentelemetry.io/otel unchanged
deployment.apps/otel-collector condition met
== 13. Kiali monitoring + Tempo reader bindings ==
clusterrolebinding.rbac.authorization.k8s.io/kiali-monitoring-rbac-v34 unchanged
clusterrolebinding.rbac.authorization.k8s.io/tempo-mesh-traces-reader-kiali unchanged
== 14. Kiali ==
kiali.kiali.io/kiali unchanged
deployment.apps/kiali condition met
== 15. Optional OpenShift distributed tracing UI ==
Skipped (ENABLE_TRACING_UI=0).
== 16. Post-deployment validation ==
Checking Sail control plane...
istiocni.sailoperator.io/default condition met
istio.sailoperator.io/default condition met
Checking Telemetry and metrics monitors...
NAME                 AGE
mesh-observability   3m28s
NAME             AGE
istiod-monitor   3m27s
NAME                    AGE
istio-proxies-monitor   3m26s
NAME                    AGE
istio-proxies-monitor   3m27s
Checking user workload monitoring...
NAME                                  READY   STATUS    RESTARTS   AGE
prometheus-operator-9c6d68575-djpz2   2/2     Running   2          8h
prometheus-user-workload-0            6/6     Running   6          8h
prometheus-user-workload-1            6/6     Running   6          8h
thanos-ruler-user-workload-0          4/4     Running   4          8h
thanos-ruler-user-workload-1          4/4     Running   4          8h
Checking ODF and Tempo...
tempostack.tempo.grafana.com/mesh condition met
NAME                 TYPE        CLUSTER-IP        EXTERNAL-IP   PORT(S)                      AGE
tempo-mesh-gateway   ClusterIP   172.231.253.160   <none>        8090/TCP,8081/TCP,8080/TCP   3m18s
Checking OTel...
Warning: the server doesn't have a resource type 'traces' in group 'mesh.tempo.grafana.com'

ERROR: otel-collector lacks CREATE on mesh/traces.
